// Jest Snapshot v1, https://goo.gl/fbAQLP

exports[`Resizer matches snapshot 1`] = `
<DocumentFragment>
  <div
    style="user-select: none; height: 4px; position: absolute; left: 0px; margin-top: -4px; right: 0px; z-index: 1; cursor: ns-resize;"
  />
</DocumentFragment>
`;
