// Jest Snapshot v1, https://goo.gl/fbAQLP

exports[`TextEditor matches snapshot 1`] = `
<DocumentFragment>
  <div
    style="font-family: Arial; font-size: 12px; font-weight: normal; width: 100%; height: 100%; padding: 0px 1px; margin: 0px; box-sizing: border-box; border-width: 0px; outline: none; resize: none; overflow: hidden; vertical-align: top; background: transparent; color: black; white-space: pre-wrap; text-align: left; line-height: normal; text-decoration: none; cursor: text; flex: 1;"
  >
    <div
      contenteditable="true"
      data-gramm="false"
      data-slate-editor="true"
      data-slate-node="value"
      role="textbox"
      style="outline: none; white-space: pre-wrap; word-wrap: break-word;"
    >
      <div
        data-slate-node="element"
        style="position: relative;"
      >
        <span
          data-slate-node="text"
        >
          <span
            data-slate-leaf="true"
          >
            <span
              data-slate-string="true"
            >
              hello world
            </span>
          </span>
        </span>
      </div>
    </div>
  </div>
</DocumentFragment>
`;
